��I n i c i a n d o   v e r i f i c a %� %� o   d e   l %%g i c a   d e   r i s c o . . .  
  
 P r o f i s s %� o :   " A u t %$%n o m o / D e n t i s t a "  
     >   R i s c o   C a l c u l a d o :   H I G H  
     >   M e s e s   M e t a :   1 2  
     >   M e t a   R e s e r v a :   R $   6 0 0 0 0 . 0 0  
 - - - - - - - - - - - - - - - - - - - - - - - - - - - - - - - - - - - - - - - - - - - - - - - -  
 P r o f i s s %� o :   " D e n t i s t a "  
     >   R i s c o   C a l c u l a d o :   H I G H  
     >   M e s e s   M e t a :   1 2  
     >   M e t a   R e s e r v a :   R $   6 0 0 0 0 . 0 0  
 - - - - - - - - - - - - - - - - - - - - - - - - - - - - - - - - - - - - - - - - - - - - - - - -  
 P r o f i s s %� o :   " E n g e n h e i r o   ( C L T ) "  
     >   R i s c o   C a l c u l a d o :   L O W  
     >   M e s e s   M e t a :   6  
     >   M e t a   R e s e r v a :   R $   3 0 0 0 0 . 0 0  
 - - - - - - - - - - - - - - - - - - - - - - - - - - - - - - - - - - - - - - - - - - - - - - - -  
 P r o f i s s %� o :   " F R E E L A N C E R "  
     >   R i s c o   C a l c u l a d o :   H I G H  
     >   M e s e s   M e t a :   1 2  
     >   M e t a   R e s e r v a :   R $   4 8 0 0 0 . 0 0  
 - - - - - - - - - - - - - - - - - - - - - - - - - - - - - - - - - - - - - - - - - - - - - - - -  
 